 He GROUND STATE FULL BASIS SCF                                                  
   50  10   0  -1   0   9   0   0   0   0   0   0   0   0   0   0   0   0


 SYMMETRY, BASIS, AND CONFIGURATION INFORMATION
0
 produced by make_input.rb                                                       
 He GROUND STATE FULL BASIS SCF                                                  

 THRESHOLD FOR ELIMINATION OF BASIS FUNCTIONS= 1.0E-20
0ONE- AND TWO-ELECTRON ENERGY CONVERGENCE CRITERION =  1.0E-10
0ITERATIONS BEFORE EXTRAPOLATION =  50
0NUCLEAR REPULSION ENERGY =     0.0000000000000

      SCALING FACTOR MAGNITUDE            1.00000000
      SCALING ANGLE (DEGREES)             0.00000000
      COMPLEX SCALING FACTOR              1.00000000        0.00000000


                 109 S INTEGRALS IN 1 BLOCK
                 109 T INTEGRALS IN 1 BLOCK
                 109 V INTEGRALS IN 1 BLOCK

               4697 P AND       0 Q INTEGRALS IN    9 BLOCKS


  INITIAL GUESS MOS ...  H CORE VECTORS


 produced by make_input.rb                                                            INITIAL ORBITALS
 He GROUND STATE FULL BASIS SCF                                                  


                     IRREP   S 

                       1  S                  2  S                  3  S                  4  S                  5  S
  1  S  He 1S   0.878315  0.000000   -0.643866  0.000000    0.000000  0.000000    0.000000  0.000000    0.000000  0.000000
  2  S  He 1S  -0.525048  0.000000    0.929077  0.000000    0.000000  0.000000    0.000000  0.000000    0.000000  0.000000
  3  S  He 1S   0.896172  0.000000   -2.244931  0.000000    0.000000  0.000000    0.000000  0.000000    0.000000  0.000000
  4  S  He 1S  -0.169807  0.000000    2.386544  0.000000    0.000000  0.000000    0.000000  0.000000    0.000000  0.000000
  5  S  He 3D   0.000000  0.000000    0.000000  0.000000    0.000000  0.000000    0.032415  0.000000    0.360909  0.000000
  6  S  He 3D   0.000000  0.000000    0.000000  0.000000    0.056144  0.000000    0.000000  0.000000    0.000000  0.000000
  7  S  He 3D   0.000000  0.000000    0.000000  0.000000    0.000000  0.000000    0.267925  0.000000   -0.243971  0.000000
  8  S  He 3D   0.000000  0.000000    0.000000  0.000000    0.464060  0.000000    0.000000  0.000000    0.000000  0.000000

 EIGENVALUES   -1.833369  0.000000   -0.433058  0.000000   -0.200098  0.000000   -0.200098  0.000000    0.265323  0.000000

 OCCUPATIONS           2.00                  0.00                  0.00                  0.00                  0.00

                       6  S                  7  S                  8  S
  1  S  He 1S   0.000000  0.000000    0.065134  0.000000    4.539788  0.000000
  2  S  He 1S   0.000000  0.000000    3.407656  0.000000   -9.648243  0.000000
  3  S  He 1S   0.000000  0.000000   -6.356350  0.000000    7.719686  0.000000
  4  S  He 1S   0.000000  0.000000    3.162234  0.000000   -2.464908  0.000000
  5  S  He 3D   0.000000  0.000000    0.000000  0.000000    0.000000  0.000000
  6  S  He 3D   0.625112  0.000000    0.000000  0.000000    0.000000  0.000000
  7  S  He 3D   0.000000  0.000000    0.000000  0.000000    0.000000  0.000000
  8  S  He 3D  -0.422571  0.000000    0.000000  0.000000    0.000000  0.000000

 EIGENVALUES    0.265323  0.000000    0.664550  0.000000    3.052327  0.000000

 OCCUPATIONS           0.00                  0.00                  0.00


                     IRREP  Pz 

                       1 Pz                  2 Pz                  3 Pz                  4 Pz                  5 Pz
  1 Pz  He 2P  -0.028591 -0.012355    0.000000  0.000000    0.000000  0.000000   -0.233058 -0.145365    0.456145  0.092384
  2 Pz  He 2P   0.176707  0.146083    0.000000  0.000000    0.000000  0.000000    0.449977  0.612062   -2.548547 -1.263895
  3 Pz  He 2P  -0.331354 -0.237870    0.000000  0.000000    0.000000  0.000000   -2.396077 -0.692352    3.062503  1.596655
  4 Pz  He 2P   1.212944  0.105325    0.000000  0.000000    0.000000  0.000000    1.903134  0.240907   -1.478353 -0.396519
  5 Pz  He 4F   0.000000  0.000000    0.000000  0.000000    0.129099  0.000000    0.000000  0.000000    0.000000  0.000000
  6 Pz  He 4F   0.000000  0.000000    0.500000  0.000000    0.000000  0.000000    0.000000  0.000000    0.000000  0.000000

 EIGENVALUES   -0.396619 -0.007880    0.711851  0.000000    0.711851  0.000000    0.973740 -0.088414    4.154570 -0.693197

 OCCUPATIONS           0.00                  0.00                  0.00                  0.00                  0.00

                       6 Pz
  1 Pz  He 2P  -2.785324 -0.512052
  2 Pz  He 2P   3.526876  1.888190
  3 Pz  He 2P  -2.088307 -1.701967
  4 Pz  He 2P   0.900705  0.366576
  5 Pz  He 4F   0.000000  0.000000
  6 Pz  He 4F   0.000000  0.000000

 EIGENVALUES   11.184056 -3.027496

 OCCUPATIONS           0.00


                     IRREP  Px 

                       1 Px                  2 Px                  3 Px                  4 Px                  5 Px
  1 Px  He 2P  -0.028591 -0.012355    0.000000  0.000000    0.000000  0.000000   -0.233058 -0.145365    0.456145  0.092384
  2 Px  He 2P   0.176707  0.146083    0.000000  0.000000    0.000000  0.000000    0.449977  0.612062   -2.548547 -1.263895
  3 Px  He 2P  -0.331354 -0.237870    0.000000  0.000000    0.000000  0.000000   -2.396077 -0.692352    3.062503  1.596655
  4 Px  He 2P   1.212944  0.105325    0.000000  0.000000    0.000000  0.000000    1.903134  0.240907   -1.478353 -0.396519
  5 Px  He 4F   0.000000  0.000000    0.158114  0.000000    0.000000  0.000000    0.000000  0.000000    0.000000  0.000000
  6 Px  He 4F   0.000000  0.000000    0.000000  0.000000    0.204124  0.000000    0.000000  0.000000    0.000000  0.000000

 EIGENVALUES   -0.396619 -0.007880    0.711851  0.000000    0.711851  0.000000    0.973740 -0.088414    4.154570 -0.693197

 OCCUPATIONS           0.00                  0.00                  0.00                  0.00                  0.00

                       6 Px
  1 Px  He 2P  -2.785324 -0.512052
  2 Px  He 2P   3.526876  1.888190
  3 Px  He 2P  -2.088307 -1.701967
  4 Px  He 2P   0.900705  0.366576
  5 Px  He 4F   0.000000  0.000000
  6 Px  He 4F   0.000000  0.000000

 EIGENVALUES   11.184056 -3.027496

 OCCUPATIONS           0.00


                     IRREP Dxz 

                       1Dxz                  2Dxz
  1Dxz  He 3D   0.112288  0.000000    1.250225  0.000000
  2Dxz  He 3D   0.928120  0.000000   -0.845142  0.000000

 EIGENVALUES   -0.200098  0.000000    0.265323  0.000000

 OCCUPATIONS           0.00                  0.00


                     IRREP  Py 

                       1 Py                  2 Py                  3 Py                  4 Py                  5 Py
  1 Py  He 2P  -0.028591 -0.012355    0.000000  0.000000    0.000000  0.000000   -0.233058 -0.145365    0.456145  0.092384
  2 Py  He 2P   0.176707  0.146083    0.000000  0.000000    0.000000  0.000000    0.449977  0.612062   -2.548547 -1.263895
  3 Py  He 2P  -0.331354 -0.237870    0.000000  0.000000    0.000000  0.000000   -2.396077 -0.692352    3.062503  1.596655
  4 Py  He 2P   1.212944  0.105325    0.000000  0.000000    0.000000  0.000000    1.903134  0.240907   -1.478353 -0.396519
  5 Py  He 4F   0.000000  0.000000    0.158114  0.000000    0.000000  0.000000    0.000000  0.000000    0.000000  0.000000
  6 Py  He 4F   0.000000  0.000000    0.000000  0.000000    0.204124  0.000000    0.000000  0.000000    0.000000  0.000000

 EIGENVALUES   -0.396619 -0.007880    0.711851  0.000000    0.711851  0.000000    0.973740 -0.088414    4.154570 -0.693197

 OCCUPATIONS           0.00                  0.00                  0.00                  0.00                  0.00

                       6 Py
  1 Py  He 2P  -2.785324 -0.512052
  2 Py  He 2P   3.526876  1.888190
  3 Py  He 2P  -2.088307 -1.701967
  4 Py  He 2P   0.900705  0.366576
  5 Py  He 4F   0.000000  0.000000
  6 Py  He 4F   0.000000  0.000000

 EIGENVALUES   11.184056 -3.027496

 OCCUPATIONS           0.00


                     IRREP Dyz 

                       1Dyz                  2Dyz
  1Dyz  He 3D   0.112288  0.000000    1.250225  0.000000
  2Dyz  He 3D   0.928120  0.000000   -0.845142  0.000000

 EIGENVALUES   -0.200098  0.000000    0.265323  0.000000

 OCCUPATIONS           0.00                  0.00


                     IRREP Dxy 

                       1Dxy                  2Dxy
  1Dxy  He 3D   0.112288  0.000000    1.250225  0.000000
  2Dxy  He 3D   0.928120  0.000000   -0.845142  0.000000

 EIGENVALUES   -0.200098  0.000000    0.265323  0.000000

 OCCUPATIONS           0.00                  0.00


                     IRREP xyz 

                       1xyz
  1xyz  He 4F   1.000000  0.000000

 EIGENVALUES    0.711851  0.000000

 OCCUPATIONS           0.00
0LEVEL SHIFT=             0.000000
 INITIAL DAMPING FACTOR   0.000000
 DAMPING FACTOR LIMIT     4.000000
0ITER         TOTAL ENERGY             ONE-ELECTRON ENERGY          TWO-ELECTRON ENERGY               DE            DEAVG    DAMP
   1     -2.5508205    0.0000000      -3.6667380    0.0000000       1.1159176    0.0000000     0.0D+00  0.0D+00    0.0D+00  0.0D+00
   2     -2.6353486    0.0000000      -3.6004507    0.0000000       0.9651021    0.0000000    -8.5D-02  0.0D+00    0.0D+00  0.0D+00
   3     -2.6370151    0.0000000      -3.5810871    0.0000000       0.9440719    0.0000000    -1.7D-03  0.0D+00    3.9D-02  0.0D+00
   4     -2.6370607    0.0000000      -3.5780456    0.0000000       0.9409849    0.0000000    -4.6D-05  0.0D+00    4.3D-03  0.0D+00
   5     -2.6370625    0.0000000      -3.5775399    0.0000000       0.9404775    0.0000000    -1.8D-06  0.0D+00    4.2D-04  0.0D+00
   6     -2.6370625    0.0000000      -3.5774471    0.0000000       0.9403845    0.0000000    -7.9D-08  0.0D+00    3.9D-05  0.0D+00
   7     -2.6370625    0.0000000      -3.5774287    0.0000000       0.9403662    0.0000000    -3.7D-09  0.0D+00    3.6D-06  0.0D+00
   8     -2.6370625    0.0000000      -3.5774249    0.0000000       0.9403624    0.0000000    -1.7D-10  0.0D+00    3.2D-07  0.0D+00
   9     -2.6370625    0.0000000      -3.5774241    0.0000000       0.9403615    0.0000000    -8.6D-07  0.0D+00    2.3D-06  0.0D+00
  10     -2.6370625    0.0000000      -3.5774239    0.0000000       0.9403614    0.0000000    -1.8D-07  0.0D+00    6.8D-07  0.0D+00
  11     -2.6370625    0.0000000      -3.5774239    0.0000000       0.9403613    0.0000000    -4.0D-08  0.0D+00    1.6D-07  0.0D+00
  12     -2.6370625    0.0000000      -3.5774239    0.0000000       0.9403613    0.0000000    -8.6D-09  0.0D+00    3.7D-08  0.0D+00
  13     -2.6370625    0.0000000      -3.5774239    0.0000000       0.9403613    0.0000000    -1.9D-09  0.0D+00    8.1D-09  0.0D+00
  14     -2.6370625    0.0000000      -3.5774239    0.0000000       0.9403613    0.0000000    -4.1D-10  0.0D+00    1.8D-09  0.0D+00
  15     -2.6370625    0.0000000      -3.5774239    0.0000000       0.9403613    0.0000000    -8.9D-11  0.0D+00    3.9D-10  0.0D+00
  16     -2.6370625    0.0000000      -3.5774239    0.0000000       0.9403613    0.0000000    -1.9D-11  0.0D+00    8.5D-11  0.0D+00
1
0produced by make_input.rb                                                                                   ITERATION NO.  16
 He GROUND STATE FULL BASIS SCF                                                  


       S      IRREP

                       1  S
  1  S  He 1S   0.702767  0.000000
  2  S  He 1S  -0.464188  0.000000
  3  S  He 1S   0.837580  0.000000
  4  S  He 1S   0.034812  0.000000
  5  S  He 3D   0.000000  0.000000
  6  S  He 3D   0.000000  0.000000
  7  S  He 3D   0.000000  0.000000
  8  S  He 3D   0.000000  0.000000

 EIGENVALUES   -0.848351  0.000000

 TOTAL     ENERGY  =          -2.6370625357          0.0000000000
 KINETIC   ENERGY  =           2.1974854698          0.0000000000
 POTENTIAL ENERGY  =          -4.8345480055          0.0000000000
 VIRIAL   THEOREM  =           1.8333080616          0.0000000000
 WAVEFUNCTION NORM =           1.0000000000          0.0000000000
1produced by make_input.rb                                                            ALL ORBITALS
 He GROUND STATE FULL BASIS SCF                                                  


                     IRREP   S 

                       1  S                  2  S                  3  S                  4  S                  5  S
  1  S  He 1S   0.702767  0.000000   -0.680447  0.000000   -0.303633  0.000000    4.555309  0.000000    0.000000  0.000000
  2  S  He 1S  -0.464188  0.000000    1.660322  0.000000    4.281903  0.000000   -9.194169  0.000000    0.000000  0.000000
  3  S  He 1S   0.837580  0.000000   -3.679934  0.000000   -6.551123  0.000000    6.977027  0.000000    0.000000  0.000000
  4  S  He 1S   0.034812  0.000000    3.029435  0.000000    2.831644  0.000000   -2.145466  0.000000    0.000000  0.000000
  5  S  He 3D   0.000000  0.000000    0.000000  0.000000    0.000000  0.000000    0.000000  0.000000    0.000000  0.000000
  6  S  He 3D   0.000000  0.000000    0.000000  0.000000    0.000000  0.000000    0.000000  0.000000   -0.087326  0.000000
  7  S  He 3D   0.000000  0.000000    0.000000  0.000000    0.000000  0.000000    0.000000  0.000000    0.000000  0.000000
  8  S  He 3D   0.000000  0.000000    0.000000  0.000000    0.000000  0.000000    0.000000  0.000000    0.547920  0.000000

 EIGENVALUES   -0.848351  0.000000    0.385171  0.000000    1.785035  0.000000    4.562675  0.000000    0.293536  0.000000

 OCCUPATIONS           2.00                  0.00                  0.00                  0.00                  0.00

                       6  S                  7  S                  8  S
  1  S  He 1S   0.000000  0.000000    0.000000  0.000000    0.000000  0.000000
  2  S  He 1S   0.000000  0.000000    0.000000  0.000000    0.000000  0.000000
  3  S  He 1S   0.000000  0.000000    0.000000  0.000000    0.000000  0.000000
  4  S  He 1S   0.000000  0.000000    0.000000  0.000000    0.000000  0.000000
  5  S  He 3D  -0.050418  0.000000    0.000000  0.000000    0.358837  0.000000
  6  S  He 3D   0.000000  0.000000    0.621524  0.000000    0.000000  0.000000
  7  S  He 3D   0.316342  0.000000    0.000000  0.000000   -0.176731  0.000000
  8  S  He 3D   0.000000  0.000000   -0.306107  0.000000    0.000000  0.000000

 EIGENVALUES    0.293536  0.000000    1.097490  0.000000    1.097490  0.000000

 OCCUPATIONS           0.00                  0.00                  0.00


                     IRREP  Pz 

                       1 Pz                  2 Pz                  3 Pz                  4 Pz                  5 Pz
  1 Pz  He 2P  -0.073675 -0.042669   -0.269055 -0.150675    0.540619  0.136851   -2.766407 -0.500626    0.000000  0.000000
  2 Pz  He 2P   0.256663  0.264216    0.641450  0.735002   -2.623901 -1.318718    3.439096  1.797644    0.000000  0.000000
  3 Pz  He 2P  -0.776023 -0.393822   -2.557901 -0.831642    2.896833  1.575795   -1.990323 -1.599764    0.000000  0.000000
  4 Pz  He 2P   1.550937  0.169641    1.771198  0.258900   -1.345858 -0.369070    0.848298  0.335048    0.000000  0.000000
  5 Pz  He 4F   0.000000  0.000000    0.000000  0.000000    0.000000  0.000000    0.000000  0.000000    0.000000  0.000000
  6 Pz  He 4F   0.000000  0.000000    0.000000  0.000000    0.000000  0.000000    0.000000  0.000000    0.500000  0.000000

 EIGENVALUES    0.645866 -0.023122    2.251768 -0.140007    5.750098 -0.823218   13.219202 -3.183289    1.558552  0.000000

 OCCUPATIONS           0.00                  0.00                  0.00                  0.00                  0.00

                       6 Pz
  1 Pz  He 2P   0.000000  0.000000
  2 Pz  He 2P   0.000000  0.000000
  3 Pz  He 2P   0.000000  0.000000
  4 Pz  He 2P   0.000000  0.000000
  5 Pz  He 4F   0.129099  0.000000
  6 Pz  He 4F   0.000000  0.000000

 EIGENVALUES    1.558552  0.000000

 OCCUPATIONS           0.00


                     IRREP  Px 

                       1 Px                  2 Px                  3 Px                  4 Px                  5 Px
  1 Px  He 2P  -0.073675 -0.042669   -0.269055 -0.150675    0.540619  0.136851   -2.766407 -0.500626    0.000000  0.000000
  2 Px  He 2P   0.256663  0.264216    0.641450  0.735002   -2.623901 -1.318718    3.439096  1.797644    0.000000  0.000000
  3 Px  He 2P  -0.776023 -0.393822   -2.557901 -0.831642    2.896833  1.575795   -1.990323 -1.599764    0.000000  0.000000
  4 Px  He 2P   1.550937  0.169641    1.771198  0.258900   -1.345858 -0.369070    0.848298  0.335048    0.000000  0.000000
  5 Px  He 4F   0.000000  0.000000    0.000000  0.000000    0.000000  0.000000    0.000000  0.000000    0.158114  0.000000
  6 Px  He 4F   0.000000  0.000000    0.000000  0.000000    0.000000  0.000000    0.000000  0.000000    0.000000  0.000000

 EIGENVALUES    0.645866 -0.023122    2.251768 -0.140007    5.750098 -0.823218   13.219202 -3.183289    1.558552  0.000000

 OCCUPATIONS           0.00                  0.00                  0.00                  0.00                  0.00

                       6 Px
  1 Px  He 2P   0.000000  0.000000
  2 Px  He 2P   0.000000  0.000000
  3 Px  He 2P   0.000000  0.000000
  4 Px  He 2P   0.000000  0.000000
  5 Px  He 4F   0.000000  0.000000
  6 Px  He 4F   0.204124  0.000000

 EIGENVALUES    1.558552  0.000000

 OCCUPATIONS           0.00


                     IRREP Dxz 

                       1Dxz                  2Dxz
  1Dxz  He 3D  -0.174652  0.000000    1.243048  0.000000
  2Dxz  He 3D   1.095840  0.000000   -0.612213  0.000000

 EIGENVALUES    0.293536  0.000000    1.097490  0.000000

 OCCUPATIONS           0.00                  0.00


                     IRREP  Py 

                       1 Py                  2 Py                  3 Py                  4 Py                  5 Py
  1 Py  He 2P  -0.073675 -0.042669   -0.269055 -0.150675    0.540619  0.136851   -2.766407 -0.500626    0.000000  0.000000
  2 Py  He 2P   0.256663  0.264216    0.641450  0.735002   -2.623901 -1.318718    3.439096  1.797644    0.000000  0.000000
  3 Py  He 2P  -0.776023 -0.393822   -2.557901 -0.831642    2.896833  1.575795   -1.990323 -1.599764    0.000000  0.000000
  4 Py  He 2P   1.550937  0.169641    1.771198  0.258900   -1.345858 -0.369070    0.848298  0.335048    0.000000  0.000000
  5 Py  He 4F   0.000000  0.000000    0.000000  0.000000    0.000000  0.000000    0.000000  0.000000    0.158114  0.000000
  6 Py  He 4F   0.000000  0.000000    0.000000  0.000000    0.000000  0.000000    0.000000  0.000000    0.000000  0.000000

 EIGENVALUES    0.645866 -0.023122    2.251768 -0.140007    5.750098 -0.823218   13.219202 -3.183289    1.558552  0.000000

 OCCUPATIONS           0.00                  0.00                  0.00                  0.00                  0.00

                       6 Py
  1 Py  He 2P   0.000000  0.000000
  2 Py  He 2P   0.000000  0.000000
  3 Py  He 2P   0.000000  0.000000
  4 Py  He 2P   0.000000  0.000000
  5 Py  He 4F   0.000000  0.000000
  6 Py  He 4F   0.204124  0.000000

 EIGENVALUES    1.558552  0.000000

 OCCUPATIONS           0.00


                     IRREP Dyz 

                       1Dyz                  2Dyz
  1Dyz  He 3D  -0.174652  0.000000    1.243048  0.000000
  2Dyz  He 3D   1.095840  0.000000   -0.612213  0.000000

 EIGENVALUES    0.293536  0.000000    1.097490  0.000000

 OCCUPATIONS           0.00                  0.00


                     IRREP Dxy 

                       1Dxy                  2Dxy
  1Dxy  He 3D  -0.174652  0.000000    1.243048  0.000000
  2Dxy  He 3D   1.095840  0.000000   -0.612213  0.000000

 EIGENVALUES    0.293536  0.000000    1.097490  0.000000

 OCCUPATIONS           0.00                  0.00


                     IRREP xyz 

                       1xyz
  1xyz  He 4F   1.000000  0.000000

 EIGENVALUES    1.558552  0.000000

 OCCUPATIONS           0.00
1
